Archive member included to satisfy reference by file (symbol)

/usr/lib/gcc/avr/4.9.2/avr51/libgcc.a(_exit.o)
                              /usr/lib/gcc/avr/4.9.2/../../../avr/lib/avr51/crtatmega128.o (exit)
/usr/lib/gcc/avr/4.9.2/avr51/libgcc.a(_copy_data.o)
                              rotary_sel.o (__do_copy_data)
/usr/lib/gcc/avr/4.9.2/avr51/libgcc.a(_clear_bss.o)
                              rotary_sel.o (__do_clear_bss)

Memory Configuration

Name             Origin             Length             Attributes
text             0x0000000000000000 0x0000000000020000 xr
data             0x0000000000800100 0x000000000000ff00 rw !x
eeprom           0x0000000000810000 0x0000000000010000 rw !x
fuse             0x0000000000820000 0x0000000000000400 rw !x
lock             0x0000000000830000 0x0000000000000400 rw !x
signature        0x0000000000840000 0x0000000000000400 rw !x
user_signatures  0x0000000000850000 0x0000000000000400 rw !x
*default*        0x0000000000000000 0xffffffffffffffff

Linker script and memory map

Address of section .data set to 0x800100
LOAD /usr/lib/gcc/avr/4.9.2/../../../avr/lib/avr51/crtatmega128.o
LOAD rotary_sel.o
START GROUP
LOAD /usr/lib/gcc/avr/4.9.2/avr51/libgcc.a
LOAD /usr/lib/gcc/avr/4.9.2/../../../avr/lib/avr51/libm.a
LOAD /usr/lib/gcc/avr/4.9.2/../../../avr/lib/avr51/libc.a
LOAD /usr/lib/gcc/avr/4.9.2/../../../avr/lib/avr51/libatmega128.a
END GROUP

.hash
 *(.hash)

.dynsym
 *(.dynsym)

.dynstr
 *(.dynstr)

.gnu.version
 *(.gnu.version)

.gnu.version_d
 *(.gnu.version_d)

.gnu.version_r
 *(.gnu.version_r)

.rel.init
 *(.rel.init)

.rela.init
 *(.rela.init)

.rel.text
 *(.rel.text)
 *(.rel.text.*)
 *(.rel.gnu.linkonce.t*)

.rela.text
 *(.rela.text)
 *(.rela.text.*)
 *(.rela.gnu.linkonce.t*)

.rel.fini
 *(.rel.fini)

.rela.fini
 *(.rela.fini)

.rel.rodata
 *(.rel.rodata)
 *(.rel.rodata.*)
 *(.rel.gnu.linkonce.r*)

.rela.rodata
 *(.rela.rodata)
 *(.rela.rodata.*)
 *(.rela.gnu.linkonce.r*)

.rel.data
 *(.rel.data)
 *(.rel.data.*)
 *(.rel.gnu.linkonce.d*)

.rela.data
 *(.rela.data)
 *(.rela.data.*)
 *(.rela.gnu.linkonce.d*)

.rel.ctors
 *(.rel.ctors)

.rela.ctors
 *(.rela.ctors)

.rel.dtors
 *(.rel.dtors)

.rela.dtors
 *(.rela.dtors)

.rel.got
 *(.rel.got)

.rela.got
 *(.rela.got)

.rel.bss
 *(.rel.bss)

.rela.bss
 *(.rela.bss)

.rel.plt
 *(.rel.plt)

.rela.plt
 *(.rela.plt)

.text           0x0000000000000000      0x756
 *(.vectors)
 .vectors       0x0000000000000000       0x8c /usr/lib/gcc/avr/4.9.2/../../../avr/lib/avr51/crtatmega128.o
                0x0000000000000000                __vectors
                0x0000000000000000                __vector_default
 *(.vectors)
 *(.progmem.gcc*)
                0x000000000000008c                . = ALIGN (0x2)
                0x000000000000008c                __trampolines_start = .
 *(.trampolines)
 .trampolines   0x000000000000008c        0x0 linker stubs
 *(.trampolines*)
                0x000000000000008c                __trampolines_end = .
 *(.progmem*)
                0x000000000000008c                . = ALIGN (0x2)
 *(.jumptables)
 *(.jumptables*)
 *(.lowtext)
 *(.lowtext*)
                0x000000000000008c                __ctors_start = .
 *(.ctors)
                0x000000000000008c                __ctors_end = .
                0x000000000000008c                __dtors_start = .
 *(.dtors)
                0x000000000000008c                __dtors_end = .
 SORT(*)(.ctors)
 SORT(*)(.dtors)
 *(.init0)
 .init0         0x000000000000008c        0x0 /usr/lib/gcc/avr/4.9.2/../../../avr/lib/avr51/crtatmega128.o
                0x000000000000008c                __init
 *(.init0)
 *(.init1)
 *(.init1)
 *(.init2)
 .init2         0x000000000000008c        0xc /usr/lib/gcc/avr/4.9.2/../../../avr/lib/avr51/crtatmega128.o
 *(.init2)
 *(.init3)
 *(.init3)
 *(.init4)
 .init4         0x0000000000000098       0x1a /usr/lib/gcc/avr/4.9.2/avr51/libgcc.a(_copy_data.o)
                0x0000000000000098                __do_copy_data
 .init4         0x00000000000000b2       0x10 /usr/lib/gcc/avr/4.9.2/avr51/libgcc.a(_clear_bss.o)
                0x00000000000000b2                __do_clear_bss
 *(.init4)
 *(.init5)
 *(.init5)
 *(.init6)
 *(.init6)
 *(.init7)
 *(.init7)
 *(.init8)
 *(.init8)
 *(.init9)
 .init9         0x00000000000000c2        0x8 /usr/lib/gcc/avr/4.9.2/../../../avr/lib/avr51/crtatmega128.o
 *(.init9)
 *(.text)
 .text          0x00000000000000ca        0x4 /usr/lib/gcc/avr/4.9.2/../../../avr/lib/avr51/crtatmega128.o
                0x00000000000000ca                __vector_22
                0x00000000000000ca                __vector_28
                0x00000000000000ca                __vector_1
                0x00000000000000ca                __vector_32
                0x00000000000000ca                __vector_34
                0x00000000000000ca                __vector_24
                0x00000000000000ca                __vector_12
                0x00000000000000ca                __bad_interrupt
                0x00000000000000ca                __vector_6
                0x00000000000000ca                __vector_31
                0x00000000000000ca                __vector_3
                0x00000000000000ca                __vector_23
                0x00000000000000ca                __vector_30
                0x00000000000000ca                __vector_25
                0x00000000000000ca                __vector_11
                0x00000000000000ca                __vector_13
                0x00000000000000ca                __vector_17
                0x00000000000000ca                __vector_19
                0x00000000000000ca                __vector_7
                0x00000000000000ca                __vector_27
                0x00000000000000ca                __vector_5
                0x00000000000000ca                __vector_33
                0x00000000000000ca                __vector_4
                0x00000000000000ca                __vector_9
                0x00000000000000ca                __vector_2
                0x00000000000000ca                __vector_21
                0x00000000000000ca                __vector_15
                0x00000000000000ca                __vector_29
                0x00000000000000ca                __vector_8
                0x00000000000000ca                __vector_26
                0x00000000000000ca                __vector_14
                0x00000000000000ca                __vector_10
                0x00000000000000ca                __vector_16
                0x00000000000000ca                __vector_18
                0x00000000000000ca                __vector_20
 .text          0x00000000000000ce      0x404 rotary_sel.o
                0x00000000000000ce                spi_init
                0x00000000000000de                spi_read
                0x00000000000000f4                tcnt2_init
                0x0000000000000102                serial_update
                0x0000000000000122                chk_buttons
                0x0000000000000162                segsum
                0x00000000000001d6                decode_enc
 .text          0x00000000000004d2        0x0 /usr/lib/gcc/avr/4.9.2/avr51/libgcc.a(_exit.o)
 .text          0x00000000000004d2        0x0 /usr/lib/gcc/avr/4.9.2/avr51/libgcc.a(_copy_data.o)
 .text          0x00000000000004d2        0x0 /usr/lib/gcc/avr/4.9.2/avr51/libgcc.a(_clear_bss.o)
                0x00000000000004d2                . = ALIGN (0x2)
 *(.text.*)
 .text.startup  0x00000000000004d2      0x280 rotary_sel.o
                0x00000000000004d2                main
 .text.libgcc.mul
                0x0000000000000752        0x0 /usr/lib/gcc/avr/4.9.2/avr51/libgcc.a(_exit.o)
 .text.libgcc.div
                0x0000000000000752        0x0 /usr/lib/gcc/avr/4.9.2/avr51/libgcc.a(_exit.o)
 .text.libgcc   0x0000000000000752        0x0 /usr/lib/gcc/avr/4.9.2/avr51/libgcc.a(_exit.o)
 .text.libgcc.prologue
                0x0000000000000752        0x0 /usr/lib/gcc/avr/4.9.2/avr51/libgcc.a(_exit.o)
 .text.libgcc.builtins
                0x0000000000000752        0x0 /usr/lib/gcc/avr/4.9.2/avr51/libgcc.a(_exit.o)
 .text.libgcc.fmul
                0x0000000000000752        0x0 /usr/lib/gcc/avr/4.9.2/avr51/libgcc.a(_exit.o)
 .text.libgcc.fixed
                0x0000000000000752        0x0 /usr/lib/gcc/avr/4.9.2/avr51/libgcc.a(_exit.o)
 .text.libgcc.mul
                0x0000000000000752        0x0 /usr/lib/gcc/avr/4.9.2/avr51/libgcc.a(_copy_data.o)
 .text.libgcc.div
                0x0000000000000752        0x0 /usr/lib/gcc/avr/4.9.2/avr51/libgcc.a(_copy_data.o)
 .text.libgcc   0x0000000000000752        0x0 /usr/lib/gcc/avr/4.9.2/avr51/libgcc.a(_copy_data.o)
 .text.libgcc.prologue
                0x0000000000000752        0x0 /usr/lib/gcc/avr/4.9.2/avr51/libgcc.a(_copy_data.o)
 .text.libgcc.builtins
                0x0000000000000752        0x0 /usr/lib/gcc/avr/4.9.2/avr51/libgcc.a(_copy_data.o)
 .text.libgcc.fmul
                0x0000000000000752        0x0 /usr/lib/gcc/avr/4.9.2/avr51/libgcc.a(_copy_data.o)
 .text.libgcc.fixed
                0x0000000000000752        0x0 /usr/lib/gcc/avr/4.9.2/avr51/libgcc.a(_copy_data.o)
 .text.libgcc.mul
                0x0000000000000752        0x0 /usr/lib/gcc/avr/4.9.2/avr51/libgcc.a(_clear_bss.o)
 .text.libgcc.div
                0x0000000000000752        0x0 /usr/lib/gcc/avr/4.9.2/avr51/libgcc.a(_clear_bss.o)
 .text.libgcc   0x0000000000000752        0x0 /usr/lib/gcc/avr/4.9.2/avr51/libgcc.a(_clear_bss.o)
 .text.libgcc.prologue
                0x0000000000000752        0x0 /usr/lib/gcc/avr/4.9.2/avr51/libgcc.a(_clear_bss.o)
 .text.libgcc.builtins
                0x0000000000000752        0x0 /usr/lib/gcc/avr/4.9.2/avr51/libgcc.a(_clear_bss.o)
 .text.libgcc.fmul
                0x0000000000000752        0x0 /usr/lib/gcc/avr/4.9.2/avr51/libgcc.a(_clear_bss.o)
 .text.libgcc.fixed
                0x0000000000000752        0x0 /usr/lib/gcc/avr/4.9.2/avr51/libgcc.a(_clear_bss.o)
                0x0000000000000752                . = ALIGN (0x2)
 *(.fini9)
 .fini9         0x0000000000000752        0x0 /usr/lib/gcc/avr/4.9.2/avr51/libgcc.a(_exit.o)
                0x0000000000000752                exit
                0x0000000000000752                _exit
 *(.fini9)
 *(.fini8)
 *(.fini8)
 *(.fini7)
 *(.fini7)
 *(.fini6)
 *(.fini6)
 *(.fini5)
 *(.fini5)
 *(.fini4)
 *(.fini4)
 *(.fini3)
 *(.fini3)
 *(.fini2)
 *(.fini2)
 *(.fini1)
 *(.fini1)
 *(.fini0)
 .fini0         0x0000000000000752        0x4 /usr/lib/gcc/avr/4.9.2/avr51/libgcc.a(_exit.o)
 *(.fini0)
                0x0000000000000756                _etext = .

.data           0x0000000000800100       0x8c load address 0x0000000000000756
                0x0000000000800100                PROVIDE (__data_start, .)
 *(.data)
 .data          0x0000000000800100        0x0 /usr/lib/gcc/avr/4.9.2/../../../avr/lib/avr51/crtatmega128.o
 .data          0x0000000000800100       0x12 rotary_sel.o
                0x0000000000800100                seg_digits
                0x0000000000800111                bright_step
 .data          0x0000000000800112        0x0 /usr/lib/gcc/avr/4.9.2/avr51/libgcc.a(_exit.o)
 .data          0x0000000000800112        0x0 /usr/lib/gcc/avr/4.9.2/avr51/libgcc.a(_copy_data.o)
 .data          0x0000000000800112        0x0 /usr/lib/gcc/avr/4.9.2/avr51/libgcc.a(_clear_bss.o)
 *(.data*)
 *(.rodata)
 .rodata        0x0000000000800112       0x79 rotary_sel.o
                0x0000000000800112                BRIGHTNESS
 *(.rodata*)
 *(.gnu.linkonce.d*)
                0x000000000080018c                . = ALIGN (0x2)
 *fill*         0x000000000080018b        0x1 
                0x000000000080018c                _edata = .
                0x000000000080018c                PROVIDE (__data_end, .)

.bss            0x000000000080018c       0x1f
                0x000000000080018c                PROVIDE (__bss_start, .)
 *(.bss)
 .bss           0x000000000080018c        0x0 /usr/lib/gcc/avr/4.9.2/../../../avr/lib/avr51/crtatmega128.o
 .bss           0x000000000080018c       0x1f rotary_sel.o
                0x000000000080018c                segment_data
                0x0000000000800191                count
 .bss           0x00000000008001ab        0x0 /usr/lib/gcc/avr/4.9.2/avr51/libgcc.a(_exit.o)
 .bss           0x00000000008001ab        0x0 /usr/lib/gcc/avr/4.9.2/avr51/libgcc.a(_copy_data.o)
 .bss           0x00000000008001ab        0x0 /usr/lib/gcc/avr/4.9.2/avr51/libgcc.a(_clear_bss.o)
 *(.bss*)
 *(COMMON)
                0x00000000008001ab                PROVIDE (__bss_end, .)
                0x0000000000000756                __data_load_start = LOADADDR (.data)
                0x00000000000007e2                __data_load_end = (__data_load_start + SIZEOF (.data))

.noinit         0x00000000008001ab        0x0
                0x00000000008001ab                PROVIDE (__noinit_start, .)
 *(.noinit*)
                0x00000000008001ab                PROVIDE (__noinit_end, .)
                0x00000000008001ab                _end = .
                0x00000000008001ab                PROVIDE (__heap_start, .)

.eeprom         0x0000000000810000        0x0
 *(.eeprom*)
                0x0000000000810000                __eeprom_end = .

.fuse
 *(.fuse)
 *(.lfuse)
 *(.hfuse)
 *(.efuse)

.lock
 *(.lock*)

.signature
 *(.signature*)

.user_signatures
 *(.user_signatures*)

.stab           0x0000000000000000     0x126c
 *(.stab)
 .stab          0x0000000000000000     0x126c rotary_sel.o

.stabstr        0x0000000000000000      0xe1a
 *(.stabstr)
 .stabstr       0x0000000000000000      0xe1a rotary_sel.o

.stab.excl
 *(.stab.excl)

.stab.exclstr
 *(.stab.exclstr)

.stab.index
 *(.stab.index)

.stab.indexstr
 *(.stab.indexstr)

.comment        0x0000000000000000       0x11
 *(.comment)
 .comment       0x0000000000000000       0x11 rotary_sel.o
                                         0x12 (size before relaxing)

.note.gnu.avr.deviceinfo
                0x0000000000000000       0x3c
 .note.gnu.avr.deviceinfo
                0x0000000000000000       0x3c /usr/lib/gcc/avr/4.9.2/../../../avr/lib/avr51/crtatmega128.o

.note.gnu.build-id
 *(.note.gnu.build-id)

.debug
 *(.debug)

.line
 *(.line)

.debug_srcinfo
 *(.debug_srcinfo)

.debug_sfnames
 *(.debug_sfnames)

.debug_aranges
 *(.debug_aranges)

.debug_pubnames
 *(.debug_pubnames)

.debug_info
 *(.debug_info .gnu.linkonce.wi.*)

.debug_abbrev
 *(.debug_abbrev)

.debug_line
 *(.debug_line .debug_line.* .debug_line_end)

.debug_frame
 *(.debug_frame)

.debug_str
 *(.debug_str)

.debug_loc
 *(.debug_loc)

.debug_macinfo
 *(.debug_macinfo)

.debug_weaknames
 *(.debug_weaknames)

.debug_funcnames
 *(.debug_funcnames)

.debug_typenames
 *(.debug_typenames)

.debug_varnames
 *(.debug_varnames)

.debug_pubtypes
 *(.debug_pubtypes)

.debug_ranges
 *(.debug_ranges)

.debug_macro
 *(.debug_macro)
OUTPUT(rotary_sel.elf elf32-avr)
LOAD linker stubs
